---
source: tests/conformance.rs
assertion_line: 26
expression: svg
input_file: samples/wires_bus.plume
---
<svg xmlns="http://www.w3.org/2000/svg" viewBox="-186.75 -76.8 373.5 121.6" width="373.5" height="121.6" class="plume">
  <defs/>
  <g class="plume-scene" color="#222">
    <g class="plume-node plume-shape-rect" data-id="cat" transform="translate(-139.025,0)">
      <rect x="-27.225" y="-24.3" width="54.45" height="48.6" rx="0" ry="0" fill="white" stroke="#444" stroke-width="1"/>
      <g class="plume-node plume-shape-text" transform="translate(0,0)">
        <text x="0" y="0" text-anchor="middle" dominant-baseline="central" font-size="13" font-family="system-ui, -apple-system, sans-serif" fill="currentColor">Cat</text>
      </g>
    </g>
    <g class="plume-node plume-shape-rect" data-id="dog" transform="translate(-3.575,0)">
      <rect x="-27.225" y="-24.3" width="54.45" height="48.6" rx="0" ry="0" fill="white" stroke="#444" stroke-width="1"/>
      <g class="plume-node plume-shape-text" transform="translate(0,0)">
        <text x="0" y="0" text-anchor="middle" dominant-baseline="central" font-size="13" font-family="system-ui, -apple-system, sans-serif" fill="currentColor">Dog</text>
      </g>
    </g>
    <g class="plume-node plume-shape-rect" data-id="bird" transform="translate(135.45,0)">
      <rect x="-30.8" y="-24.3" width="61.6" height="48.6" rx="0" ry="0" fill="white" stroke="#444" stroke-width="1"/>
      <g class="plume-node plume-shape-text" transform="translate(0,0)">
        <text x="0" y="0" text-anchor="middle" dominant-baseline="central" font-size="13" font-family="system-ui, -apple-system, sans-serif" fill="currentColor">Bird</text>
      </g>
    </g>
  </g>
  <g class="plume-wires">
    <g class="plume-wire" data-from="cat" data-to="dog">
      <path d="M -111.3 -20.8 L -79.3 -20.8 L -79.3 -12.8 L -35.3 -12.8" fill="none" stroke="#444" stroke-width="1.5"/>
      <polygon class="plume-marker plume-marker-arrow" points="-32.3,-12.8 -39.8,-9.05 -39.8,-16.55" fill="#444"/>
    </g>
    <g class="plume-wire" data-from="cat" data-to="dog">
      <path d="M -111.3 -4.8 L -63.3 -4.8 L -63.3 3.2 L -35.3 3.2" fill="none" stroke="#444" stroke-width="1.5"/>
      <polygon class="plume-marker plume-marker-arrow" points="-32.3,3.2 -39.8,6.95 -39.8,-0.55" fill="#444"/>
    </g>
    <g class="plume-wire" data-from="cat" data-to="dog">
      <path d="M -111.3 11.2 L -47.3 11.2 L -47.3 19.2 L -35.3 19.2" fill="none" stroke="#444" stroke-width="1.5"/>
      <polygon class="plume-marker plume-marker-arrow" points="-32.3,19.2 -39.8,22.95 -39.8,15.45" fill="#444"/>
    </g>
    <g class="plume-wire" data-from="cat" data-to="bird">
      <path d="M -130.75 -24.8 L -130.75 -56.8 L 133.25 -56.8 L 133.25 -28.8" fill="none" stroke="#444" stroke-width="1.5"/>
      <polygon class="plume-marker plume-marker-arrow" points="133.25,-25.8 129.5,-33.3 137,-33.3" fill="#444"/>
    </g>
  </g>
</svg>
