---
source: tests/conformance.rs
assertion_line: 26
expression: svg
input_file: samples/full_example.plume
---
<svg xmlns="http://www.w3.org/2000/svg" viewBox="-381.6 -171.1 794.7 442.95" width="794.7" height="442.95" class="plume">
  <defs/>
  <g class="plume-scene" color="#222">
    <g class="plume-node plume-shape-oval" data-id="cat" transform="translate(-273.1,-60.3)">
      <ellipse cx="0" cy="0" rx="88" ry="24.3" fill="white" stroke="#444" stroke-width="1"/>
      <g class="plume-node plume-shape-text" transform="translate(0,0)">
        <text x="0" y="0" text-anchor="middle" dominant-baseline="central" font-size="13" font-family="system-ui, -apple-system, sans-serif" fill="currentColor">Cat — patient hunter</text>
      </g>
    </g>
    <g class="plume-node plume-shape-group plume-shape-rect" data-id="kitchen" transform="translate(-13.3,-60.3)">
      <rect x="-130.8" y="-78.9" width="261.6" height="157.8" rx="0" ry="0" fill="white" stroke="#444" stroke-width="1"/>
      <g class="plume-node plume-shape-text" transform="translate(0,-70.6)">
        <text x="0" y="0" text-anchor="middle" dominant-baseline="central" font-size="13" font-family="system-ui, -apple-system, sans-serif" fill="currentColor">Kitchen</text>
      </g>
      <g class="plume-node plume-shape-group plume-shape-rect" data-id="counter" transform="translate(0,-17)">
        <rect x="-130.3" y="-24.8" width="260.6" height="49.6" rx="0" ry="0" fill="white" stroke="#444" stroke-width="1"/>
        <g class="plume-node plume-shape-text" transform="translate(-104.775,0)">
          <text x="0" y="0" text-anchor="middle" dominant-baseline="central" font-size="13" font-family="system-ui, -apple-system, sans-serif" fill="currentColor">Counter</text>
        </g>
        <g class="plume-node plume-shape-treat plume-shape-rect" data-id="bowl" transform="translate(-9.35,0)">
          <rect x="-59.4" y="-24.3" width="118.8" height="48.6" rx="5" ry="5" fill="white" stroke="#444" stroke-width="1"/>
          <g class="plume-node plume-shape-text" transform="translate(0,0)">
            <text x="0" y="0" text-anchor="middle" dominant-baseline="central" font-size="13" font-family="system-ui, -apple-system, sans-serif" fill="currentColor">Bowl of oats</text>
          </g>
        </g>
        <g class="plume-node plume-shape-nest plume-shape-slant" data-id="water" transform="translate(95.425,0)">
          <polygon points="-27.8638,-24.3 40.8862,-24.3 27.8638,24.3 -40.8862,24.3" fill="gray" stroke="#444" stroke-width="1"/>
          <g class="plume-node plume-shape-text" transform="translate(0,0)">
            <text x="0" y="0" text-anchor="middle" dominant-baseline="central" font-size="13" font-family="system-ui, -apple-system, sans-serif" fill="currentColor">Water</text>
          </g>
        </g>
      </g>
      <g class="plume-node plume-shape-group plume-shape-rect" data-id="shelf" transform="translate(0,53.6)">
        <rect x="-90.975" y="-24.8" width="181.95" height="49.6" rx="0" ry="0" fill="white" stroke="#444" stroke-width="1"/>
        <g class="plume-node plume-shape-text" transform="translate(-72.6,0)">
          <text x="0" y="0" text-anchor="middle" dominant-baseline="central" font-size="13" font-family="system-ui, -apple-system, sans-serif" fill="currentColor">Shelf</text>
        </g>
        <g class="plume-node plume-shape-treat plume-shape-rect" data-id="apple" transform="translate(-9.35,0)">
          <rect x="-34.375" y="-24.3" width="68.75" height="48.6" rx="5" ry="5" fill="white" stroke="#444" stroke-width="1"/>
          <g class="plume-node plume-shape-text" transform="translate(0,0)">
            <text x="0" y="0" text-anchor="middle" dominant-baseline="central" font-size="13" font-family="system-ui, -apple-system, sans-serif" fill="currentColor">Apple</text>
          </g>
        </g>
        <g class="plume-node plume-shape-nest plume-shape-slant" data-id="mug" transform="translate(63.25,0)">
          <polygon points="-20.7138,-24.3 33.7362,-24.3 20.7138,24.3 -33.7362,24.3" fill="gray" stroke="#444" stroke-width="1"/>
          <g class="plume-node plume-shape-text" transform="translate(0,0)">
            <text x="0" y="0" text-anchor="middle" dominant-baseline="central" font-size="13" font-family="system-ui, -apple-system, sans-serif" fill="currentColor">Mug</text>
          </g>
        </g>
      </g>
    </g>
    <g class="plume-node plume-shape-group plume-shape-rect" data-id="garden" transform="translate(259.8,-60.3)">
      <rect x="-101.3" y="-90.3" width="202.6" height="180.6" rx="0" ry="0" fill="white" stroke="#444" stroke-width="1"/>
      <g class="plume-node plume-shape-text" transform="translate(0,-82)">
        <text x="0" y="0" text-anchor="middle" dominant-baseline="central" font-size="13" font-family="system-ui, -apple-system, sans-serif" fill="currentColor">Garden</text>
      </g>
      <g class="plume-node plume-shape-group plume-shape-rect" data-id="den" transform="translate(0,-12.7)">
        <rect x="-85.225" y="-20.5" width="170.45" height="41" rx="0" ry="0" fill="white" stroke="#444" stroke-width="1"/>
        <g class="plume-node plume-shape-text" transform="translate(-74,0)">
          <text x="0" y="0" text-anchor="middle" dominant-baseline="central" font-size="13" font-family="system-ui, -apple-system, sans-serif" fill="currentColor">Den</text>
        </g>
        <g class="plume-node plume-shape-alert plume-shape-oval" data-id="rabbit" transform="translate(-29.275,0)">
          <ellipse cx="0" cy="0" rx="18" ry="18" fill="white" stroke="red" stroke-width="1"/>
          <g class="plume-node plume-shape-text" transform="translate(0,-34.8)">
            <text x="0" y="0" text-anchor="middle" dominant-baseline="central" font-size="13" font-family="system-ui, -apple-system, sans-serif" fill="currentColor">Rabbit</text>
          </g>
          <g class="plume-node plume-shape-badge plume-shape-rect" transform="translate(0,18.3)">
            <rect x="-30.8" y="-24.3" width="61.6" height="48.6" rx="0" ry="0" fill="white" stroke="#444" stroke-width="1"/>
            <g class="plume-node plume-shape-text" transform="translate(0,0)">
              <text x="0" y="0" text-anchor="middle" dominant-baseline="central" font-size="13" font-family="system-ui, -apple-system, sans-serif" fill="currentColor">FAST</text>
            </g>
          </g>
        </g>
        <g class="plume-node plume-shape-rect" data-id="carrot" transform="translate(44.725,0)">
          <rect x="-40" y="-20" width="80" height="40" rx="0" ry="0" fill="white" stroke="#444" stroke-width="1"/>
          <g class="plume-node plume-shape-text" transform="translate(0,0)">
            <text x="0" y="0" text-anchor="middle" dominant-baseline="central" font-size="13" font-family="system-ui, -apple-system, sans-serif" fill="currentColor">Carrot patch</text>
          </g>
        </g>
      </g>
      <g class="plume-node plume-shape-group plume-shape-rect" data-id="pond" transform="translate(0,69.3)">
        <rect x="-100.8" y="-20.5" width="201.6" height="41" rx="0" ry="0" fill="white" stroke="#444" stroke-width="1"/>
        <g class="plume-node plume-shape-text" transform="translate(-86,0)">
          <text x="0" y="0" text-anchor="middle" dominant-baseline="central" font-size="13" font-family="system-ui, -apple-system, sans-serif" fill="currentColor">Pond</text>
        </g>
        <g class="plume-node plume-shape-rect" data-id="frog" transform="translate(-25.7,0)">
          <rect x="-30" y="-20" width="60" height="40" rx="0" ry="0" fill="white" stroke="#444" stroke-width="1"/>
          <g class="plume-node plume-shape-text" transform="translate(0,0)">
            <text x="0" y="0" text-anchor="middle" dominant-baseline="central" font-size="13" font-family="system-ui, -apple-system, sans-serif" fill="currentColor">Frog</text>
          </g>
        </g>
        <g class="plume-node plume-shape-rect" data-id="fish" transform="translate(60.3,0)">
          <rect x="-40" y="-20" width="80" height="40" rx="0" ry="0" fill="white" stroke="#444" stroke-width="1"/>
          <g class="plume-node plume-shape-text" transform="translate(0,0)">
            <text x="0" y="0" text-anchor="middle" dominant-baseline="central" font-size="13" font-family="system-ui, -apple-system, sans-serif" fill="currentColor">Goldfish</text>
          </g>
        </g>
      </g>
    </g>
    <g class="plume-node plume-shape-group plume-shape-rect" data-id="treehouse" transform="translate(-273.1,110.8)">
      <rect x="-42.675" y="-39.8" width="85.35" height="79.6" rx="0" ry="0" fill="white" stroke="#444" stroke-width="1"/>
      <g class="plume-node plume-shape-text" transform="translate(0,-21.5)">
        <text x="0" y="0" text-anchor="middle" dominant-baseline="central" font-size="13" font-family="system-ui, -apple-system, sans-serif" fill="currentColor">Treehouse</text>
      </g>
      <g class="plume-node plume-shape-icon" data-id="owl" transform="translate(0,13.3)">
        <rect x="-16" y="-16" width="32" height="32" fill="none" stroke="#444" stroke-width="1"/>
        <text x="0" y="0" text-anchor="middle" dominant-baseline="central" font-size="12.8" fill="#444">visibility</text>
      </g>
    </g>
    <g class="plume-node plume-shape-widget plume-shape-group plume-shape-rect" data-id="diagram1" transform="translate(300,200)">
      <rect x="-58.5" y="-51.35" width="117" height="102.7" rx="0" ry="0" fill="white" stroke="#444" stroke-width="1"/>
      <g class="plume-node plume-shape-rect" transform="translate(0,-19)">
        <rect x="-50" y="-20" width="100" height="40" rx="4" ry="4" fill="lightblue" stroke="#444" stroke-width="1"/>
      </g>
      <g class="plume-node plume-shape-line plume-style-thin" transform="translate(0,10)">
        <line x1="-50" y1="0" x2="50" y2="0" stroke="#444" stroke-width="1"/>
      </g>
      <g class="plume-node plume-shape-line" transform="translate(-25,19)">
        <line x1="0" y1="0" x2="50" y2="20" stroke="#444" stroke-width="1"/>
        <polygon class="plume-marker plume-marker-arrow" points="49.0715,19.6286 42.3865,20.1857 44.6148,14.6148" fill="#444"/>
      </g>
      <g class="plume-node plume-shape-text" transform="translate(0,-39.5)">
        <text x="0" y="0" text-anchor="middle" dominant-baseline="central" font-size="12" font-family="system-ui, -apple-system, sans-serif" fill="currentColor">Den</text>
      </g>
    </g>
  </g>
  <g class="plume-wires">
    <g class="plume-wire" data-from="cat" data-to="garden.den.carrot">
      <path d="M -184.6 -60.3 L -133.575 -60.3 L -133.575 -77.3 L -82.55 -77.3" fill="none" stroke="red" stroke-width="2"/>
    </g>
    <g class="plume-wire" data-from="cat" data-to="garden.den.carrot">
      <path d="M 37.25 -77.3 L 47.25 -77.3" fill="none" stroke="red" stroke-width="2"/>
    </g>
    <g class="plume-wire" data-from="cat" data-to="garden.den.carrot">
      <path d="M 117 -85.3 L 212.025 -85.3" fill="none" stroke="red" stroke-width="2"/>
    </g>
    <g class="plume-wire" data-from="cat" data-to="garden.den.carrot">
      <path d="M 249.025 -73 L 260.025 -73" fill="none" stroke="red" stroke-width="2"/>
      <polygon class="plume-marker plume-marker-arrow" points="263.025,-73 253.025,-68 253.025,-78" fill="red"/>
    </g>
    <g class="plume-wire" data-from="cat" data-to="kitchen.shelf.mug">
      <path d="M -273.1 -35.5 L -273.1 -6.7 L -57.525 -6.7" fill="none" stroke="#444" stroke-width="1"/>
    </g>
    <g class="plume-wire" data-from="cat" data-to="kitchen.shelf.mug">
      <path d="M 12.225 -6.7 L 18.225 -6.7" fill="none" stroke="#444" stroke-width="1"/>
      <polygon class="plume-marker plume-marker-arrow" points="21.225,-6.7 15.225,-3.7 15.225,-9.7" fill="#444"/>
    </g>
    <g class="plume-wire" data-from="kitchen.counter.water" data-to="garden.pond.fish">
      <path d="M 117 -69.3 L 377.525 -69.3 L 377.525 9 L 264.6 9" fill="none" stroke="#444" stroke-width="1"/>
    </g>
    <g class="plume-wire" data-from="kitchen.counter.water" data-to="garden.pond.fish">
      <path d="M 264.6 9 L 275.6 9" fill="none" stroke="#444" stroke-width="1"/>
      <polygon class="plume-marker plume-marker-arrow" points="278.6,9 272.6,12 272.6,6" fill="#444"/>
    </g>
    <g class="plume-wire" data-from="treehouse" data-to="kitchen">
      <path d="M -225.925 110.8 L 150 110.8 L 150 -60.3 L 122 -60.3" fill="none" stroke="#444" stroke-width="1"/>
      <polygon class="plume-marker plume-marker-arrow" points="-228.925,110.8 -222.925,107.8 -222.925,113.8" fill="#444"/>
      <polygon class="plume-marker plume-marker-arrow" points="119,-60.3 125,-63.3 125,-57.3" fill="#444"/>
      <text x="61.5875" y="110.8" text-anchor="middle" dominant-baseline="central" font-size="11" font-family="system-ui, -apple-system, sans-serif" fill="currentColor" paint-order="stroke" stroke="white" stroke-width="4.4" stroke-linejoin="round">watches</text>
    </g>
    <g class="plume-wire" data-from="treehouse.owl" data-to="garden.den.rabbit">
      <path d="M -256.6 124.1 L 393.1 124.1 L 393.1 -73 L 253.025 -73" fill="none" stroke="orange" stroke-width="2" stroke-dasharray="8,8"/>
      <circle class="plume-marker plume-marker-dot" cx="250.025" cy="-73" r="3.3333" fill="orange"/>
    </g>
  </g>
</svg>
