---
source: tests/conformance.rs
expression: svg
input_file: samples/wires_realistic_row.plume
---
<svg xmlns="http://www.w3.org/2000/svg" viewBox="-251.2 -166.4 502.4 346.6125" width="502.4" height="346.6125" class="plume">
  <defs/>
  <g class="plume-scene" color="black">
    <g class="plume-node plume-shape-oval" data-id="cat" transform="translate(-203.475,0)">
      <ellipse cx="0" cy="0" rx="27.225" ry="24.3" fill="white" stroke="#444" stroke-width="1"/>
      <g class="plume-node plume-shape-text" transform="translate(0,0)">
        <text x="0" y="0" text-anchor="middle" dominant-baseline="central" font-size="13" font-family="sans-serif" fill="currentColor">Cat</text>
      </g>
    </g>
    <g class="plume-node plume-shape-group plume-shape-rect" data-id="kitchen" transform="translate(-82.375,0)">
      <rect x="-62.875" y="-137.9" width="125.75" height="275.8" rx="0" ry="0" fill="white" stroke="#aaa" stroke-width="1"/>
      <g class="plume-node plume-shape-text" transform="translate(0,-105.6)">
        <text x="0" y="0" text-anchor="middle" dominant-baseline="central" font-size="13" font-family="sans-serif" fill="currentColor">Kitchen</text>
      </g>
      <g class="plume-node plume-shape-treat plume-shape-rect" data-id="bowl" transform="translate(0,-20.5)">
        <rect x="-34.8" y="-28.3" width="69.6" height="56.6" rx="4" ry="4" fill="#eee" stroke="#444" stroke-width="1"/>
        <g class="plume-node plume-shape-text" transform="translate(0,0)">
          <text x="0" y="0" text-anchor="middle" dominant-baseline="central" font-size="13" font-family="sans-serif" fill="currentColor">Bowl</text>
        </g>
      </g>
      <g class="plume-node plume-shape-treat plume-shape-rect" data-id="water" transform="translate(0,85.1)">
        <rect x="-38.375" y="-28.3" width="76.75" height="56.6" rx="4" ry="4" fill="#eee" stroke="#444" stroke-width="1"/>
        <g class="plume-node plume-shape-text" transform="translate(0,0)">
          <text x="0" y="0" text-anchor="middle" dominant-baseline="central" font-size="13" font-family="sans-serif" fill="currentColor">Water</text>
        </g>
      </g>
    </g>
    <g class="plume-node plume-shape-group plume-shape-rect" data-id="garden" transform="translate(70.8,0)">
      <rect x="-59.3" y="-137.9" width="118.6" height="275.8" rx="0" ry="0" fill="white" stroke="#aaa" stroke-width="1"/>
      <g class="plume-node plume-shape-text" transform="translate(0,-105.6)">
        <text x="0" y="0" text-anchor="middle" dominant-baseline="central" font-size="13" font-family="sans-serif" fill="currentColor">Garden</text>
      </g>
      <g class="plume-node plume-shape-treat plume-shape-rect" data-id="dog" transform="translate(0,-20.5)">
        <rect x="-31.225" y="-28.3" width="62.45" height="56.6" rx="4" ry="4" fill="#eee" stroke="#444" stroke-width="1"/>
        <g class="plume-node plume-shape-text" transform="translate(0,0)">
          <text x="0" y="0" text-anchor="middle" dominant-baseline="central" font-size="13" font-family="sans-serif" fill="currentColor">Dog</text>
        </g>
      </g>
      <g class="plume-node plume-shape-treat plume-shape-rect" data-id="bird" transform="translate(0,85.1)">
        <rect x="-34.8" y="-28.3" width="69.6" height="56.6" rx="4" ry="4" fill="#eee" stroke="#444" stroke-width="1"/>
        <g class="plume-node plume-shape-text" transform="translate(0,0)">
          <text x="0" y="0" text-anchor="middle" dominant-baseline="central" font-size="13" font-family="sans-serif" fill="currentColor">Bird</text>
        </g>
      </g>
    </g>
    <g class="plume-node plume-shape-treat plume-shape-rect" data-id="roof" transform="translate(195.9,0)">
      <rect x="-34.8" y="-28.3" width="69.6" height="56.6" rx="4" ry="4" fill="#eee" stroke="#444" stroke-width="1"/>
      <g class="plume-node plume-shape-text" transform="translate(0,0)">
        <text x="0" y="0" text-anchor="middle" dominant-baseline="central" font-size="13" font-family="sans-serif" fill="currentColor">Roof</text>
      </g>
    </g>
  </g>
  <g class="plume-wires">
    <g class="plume-wire" data-from="cat" data-to="kitchen.bowl">
      <path d="M -175.75 0 L -121.675 0" fill="none" stroke="red" stroke-width="2"/>
      <polygon class="plume-marker plume-marker-arrow" points="-117.675,0 -125.675,4 -125.675,-4" fill="red"/>
    </g>
    <g class="plume-wire" data-from="cat" data-to="kitchen.water">
      <path d="M -175.75 0 L -167.75 0 L -167.75 85.1 L -125.25 85.1" fill="none" stroke="red" stroke-width="2"/>
      <polygon class="plume-marker plume-marker-arrow" points="-121.25,85.1 -129.25,89.1 -129.25,81.1" fill="red"/>
    </g>
    <g class="plume-wire" data-from="cat" data-to="roof">
      <path d="M -203.475 -24.8 L -203.475 -146.4 L 195.9 -146.4 L 195.9 -32.8" fill="none" stroke="red" stroke-width="2"/>
      <polygon class="plume-marker plume-marker-arrow" points="195.9,-28.8 191.9,-36.8 199.9,-36.8" fill="red"/>
    </g>
    <g class="plume-wire" data-from="kitchen.bowl" data-to="garden.dog">
      <path d="M -82.375 -49.3 L -82.375 -57.3 L 70.8 -57.3 L 70.8 -53.3" fill="none" stroke="red" stroke-width="2"/>
      <polygon class="plume-marker plume-marker-arrow" points="70.8,-49.3 66.8,-57.3 74.8,-57.3" fill="red"/>
    </g>
    <g class="plume-wire" data-from="kitchen.bowl" data-to="garden.dog">
      <path d="M -47.075 -32.5 L 35.075 -32.5" fill="none" stroke="red" stroke-width="2"/>
      <polygon class="plume-marker plume-marker-arrow" points="39.075,-32.5 31.075,-28.5 31.075,-36.5" fill="red"/>
    </g>
    <g class="plume-wire" data-from="kitchen.water" data-to="garden.dog">
      <path d="M -39.5 69.1 L 9.9672 69.1 L 9.9672 -24.5 L 39.075 -24.5" fill="none" stroke="blue" stroke-width="1"/>
      <polygon class="plume-marker plume-marker-arrow" points="-43.5,69.1 -38.5,66.6 -38.5,71.6" fill="blue"/>
    </g>
    <g class="plume-wire" data-from="kitchen.water" data-to="garden.dog">
      <path d="M -39.5 77.1 L 17.9672 77.1 L 17.9672 -16.5 L 39.075 -16.5" fill="none" stroke="blue" stroke-width="1"/>
      <polygon class="plume-marker plume-marker-arrow" points="-43.5,77.1 -38.5,74.6 -38.5,79.6" fill="blue"/>
    </g>
    <g class="plume-wire" data-from="kitchen.water" data-to="garden.dog">
      <path d="M -39.5 85.1 L 25.9672 85.1 L 25.9672 -8.5 L 39.075 -8.5" fill="none" stroke="blue" stroke-width="1"/>
      <polygon class="plume-marker plume-marker-arrow" points="-43.5,85.1 -38.5,82.6 -38.5,87.6" fill="blue"/>
    </g>
    <g class="plume-wire" data-from="garden.bird" data-to="roof">
      <path d="M 106.1 81.1 L 183.9 81.1 L 183.9 32.8" fill="none" stroke="#444" stroke-width="1"/>
      <polygon class="plume-marker plume-marker-arrow" points="183.9,28.8 186.4,33.8 181.4,33.8" fill="#444"/>
    </g>
    <g class="plume-wire" data-from="garden.bird" data-to="roof">
      <path d="M 106.1 89.1 L 191.9 89.1 L 191.9 32.8" fill="none" stroke="#444" stroke-width="1"/>
      <polygon class="plume-marker plume-marker-arrow" points="191.9,28.8 194.4,33.8 189.4,33.8" fill="#444"/>
    </g>
    <g class="plume-wire" data-from="kitchen.water" data-to="garden.bird">
      <path d="M -39.5 93.1 L 31.5 93.1" fill="none" stroke="blue" stroke-width="1"/>
      <polygon class="plume-marker plume-marker-arrow" points="-43.5,93.1 -38.5,90.6 -38.5,95.6" fill="blue"/>
      <polygon class="plume-marker plume-marker-arrow" points="35.5,93.1 30.5,95.6 30.5,90.6" fill="blue"/>
    </g>
    <g class="plume-wire" data-from="kitchen.water" data-to="roof">
      <path d="M -43.5 101.1 L 3 101.1 L 3 152.2125 L 199.9 152.2125 L 199.9 32.8" fill="none" stroke="green" stroke-width="1"/>
      <polygon class="plume-marker plume-marker-arrow" points="199.9,28.8 202.4,33.8 197.4,33.8" fill="green"/>
    </g>
    <g class="plume-wire" data-from="kitchen.water" data-to="roof">
      <path d="M -82.375 113.9 L -82.375 160.2125 L 207.9 160.2125 L 207.9 32.8" fill="none" stroke="green" stroke-width="1"/>
      <polygon class="plume-marker plume-marker-arrow" points="207.9,28.8 210.4,33.8 205.4,33.8" fill="green"/>
    </g>
  </g>
</svg>
