---
source: tests/conformance.rs
assertion_line: 27
expression: svg
input_file: samples/wires_anchors.plume
---
<svg xmlns="http://www.w3.org/2000/svg" viewBox="-62.025 -114.4 124.05 228.8" width="124.05" height="228.8" class="plume">
  <defs/>
  <g class="plume-scene">
    <g class="plume-node plume-shape-rect" data-id="fadec" transform="translate(0,-69.6)">
      <rect x="-34.375" y="-24.3" width="68.75" height="48.6" rx="0" ry="0" fill="white" stroke="#444" stroke-width="1"/>
      <g class="plume-node plume-shape-text" transform="translate(0,0)">
        <text x="0" y="0" text-anchor="middle" dominant-baseline="central" font-size="13" font-family="system-ui, -apple-system, sans-serif" fill="#222">FADEC</text>
      </g>
    </g>
    <g class="plume-node plume-shape-rect" data-id="drive" transform="translate(0,-0)">
      <rect x="-34.375" y="-24.3" width="68.75" height="48.6" rx="0" ry="0" fill="white" stroke="#444" stroke-width="1"/>
      <g class="plume-node plume-shape-text" transform="translate(0,0)">
        <text x="0" y="0" text-anchor="middle" dominant-baseline="central" font-size="13" font-family="system-ui, -apple-system, sans-serif" fill="#222">Drive</text>
      </g>
    </g>
    <g class="plume-node plume-shape-rect" data-id="bus48" transform="translate(0,69.6)">
      <rect x="-41.525" y="-24.3" width="83.05" height="48.6" rx="0" ry="0" fill="white" stroke="#444" stroke-width="1"/>
      <g class="plume-node plume-shape-text" transform="translate(0,0)">
        <text x="0" y="0" text-anchor="middle" dominant-baseline="central" font-size="13" font-family="system-ui, -apple-system, sans-serif" fill="#222">Bus 48V</text>
      </g>
    </g>
  </g>
  <g class="plume-wires">
    <g class="plume-wire" data-from="fadec" data-to="drive">
      <path d="M 34.875 -69.6 L 0 -69.6 L 0 -0 L -34.875 -0" fill="none" stroke="#444" stroke-width="1"/>
      <polygon class="plume-marker plume-marker-arrow" points="30.875,-69.6 20.875,-64.6 20.875,-74.6" fill="#444"/>
      <polygon class="plume-marker plume-marker-arrow" points="-30.875,-0 -20.875,-5 -20.875,5" fill="#444"/>
      <text x="-7.7" y="-34.8" text-anchor="middle" dominant-baseline="central" font-size="11" font-family="system-ui, -apple-system, sans-serif" fill="#222">CAN</text>
    </g>
    <g class="plume-wire" data-from="drive" data-to="bus48">
      <path d="M 34.875 -24.8 L 34.875 94.4 L -42.025 94.4" fill="none" stroke="#444" stroke-width="1"/>
      <polygon class="plume-marker plume-marker-arrow" points="-38.025,94.4 -28.025,89.4 -28.025,99.4" fill="#444"/>
    </g>
  </g>
</svg>
