---
source: tests/conformance.rs
expression: svg
input_file: samples/wires_fan.plume
---
<svg xmlns="http://www.w3.org/2000/svg" viewBox="-54.875 -243.8 109.75 487.6" width="109.75" height="487.6" class="plume">
  <defs/>
  <g class="plume-scene" color="black">
    <g class="plume-node plume-shape-rect" data-id="mouse" transform="translate(0,-199)">
      <rect x="-34.375" y="-24.3" width="68.75" height="48.6" rx="0" ry="0" fill="white" stroke="#444" stroke-width="1"/>
      <g class="plume-node plume-shape-text" transform="translate(0,0)">
        <text x="0" y="0" text-anchor="middle" dominant-baseline="central" font-size="13" font-family="sans-serif" fill="currentColor">Mouse</text>
      </g>
    </g>
    <g class="plume-node plume-shape-rect" data-id="fox" transform="translate(0,-119.4)">
      <rect x="-27.225" y="-24.3" width="54.45" height="48.6" rx="0" ry="0" fill="white" stroke="#444" stroke-width="1"/>
      <g class="plume-node plume-shape-text" transform="translate(0,0)">
        <text x="0" y="0" text-anchor="middle" dominant-baseline="central" font-size="13" font-family="sans-serif" fill="currentColor">Fox</text>
      </g>
    </g>
    <g class="plume-node plume-shape-rect" data-id="owl" transform="translate(0,-39.8)">
      <rect x="-27.225" y="-24.3" width="54.45" height="48.6" rx="0" ry="0" fill="white" stroke="#444" stroke-width="1"/>
      <g class="plume-node plume-shape-text" transform="translate(0,0)">
        <text x="0" y="0" text-anchor="middle" dominant-baseline="central" font-size="13" font-family="sans-serif" fill="currentColor">Owl</text>
      </g>
    </g>
    <g class="plume-node plume-shape-rect" data-id="bowl" transform="translate(0,39.8)">
      <rect x="-30.8" y="-24.3" width="61.6" height="48.6" rx="0" ry="0" fill="white" stroke="#444" stroke-width="1"/>
      <g class="plume-node plume-shape-text" transform="translate(0,0)">
        <text x="0" y="0" text-anchor="middle" dominant-baseline="central" font-size="13" font-family="sans-serif" fill="currentColor">Bowl</text>
      </g>
    </g>
    <g class="plume-node plume-shape-rect" data-id="apple" transform="translate(0,119.4)">
      <rect x="-34.375" y="-24.3" width="68.75" height="48.6" rx="0" ry="0" fill="white" stroke="#444" stroke-width="1"/>
      <g class="plume-node plume-shape-text" transform="translate(0,0)">
        <text x="0" y="0" text-anchor="middle" dominant-baseline="central" font-size="13" font-family="sans-serif" fill="currentColor">Apple</text>
      </g>
    </g>
    <g class="plume-node plume-shape-rect" data-id="mug" transform="translate(0,199)">
      <rect x="-27.225" y="-24.3" width="54.45" height="48.6" rx="0" ry="0" fill="white" stroke="#444" stroke-width="1"/>
      <g class="plume-node plume-shape-text" transform="translate(0,0)">
        <text x="0" y="0" text-anchor="middle" dominant-baseline="central" font-size="13" font-family="sans-serif" fill="currentColor">Mug</text>
      </g>
    </g>
  </g>
  <g class="plume-wires">
    <g class="plume-wire" data-from="fox" data-to="mouse">
      <path d="M 0 -144.2 L 0 -170.2" fill="none" stroke="#444" stroke-width="1"/>
      <polygon class="plume-marker plume-marker-arrow" points="0,-173.2 3,-167.2 -3,-167.2" fill="#444"/>
      <text x="0" y="-159.2" text-anchor="middle" dominant-baseline="central" font-size="11" font-family="sans-serif" fill="currentColor" paint-order="stroke" stroke="white" stroke-width="4.4" stroke-linejoin="round">hunts</text>
    </g>
    <g class="plume-wire" data-from="owl" data-to="mouse">
      <path d="M 0 -64.6 L 0 -170.2" fill="none" stroke="#444" stroke-width="1"/>
      <polygon class="plume-marker plume-marker-arrow" points="0,-173.2 3,-167.2 -3,-167.2" fill="#444"/>
      <text x="0" y="-119.4" text-anchor="middle" dominant-baseline="central" font-size="11" font-family="sans-serif" fill="currentColor" paint-order="stroke" stroke="white" stroke-width="4.4" stroke-linejoin="round">hunts</text>
    </g>
    <g class="plume-wire" data-from="bowl" data-to="apple">
      <path d="M 0 64.6 L 0 90.6" fill="none" stroke="#444" stroke-width="1"/>
      <polygon class="plume-marker plume-marker-arrow" points="0,93.6 -3,87.6 3,87.6" fill="#444"/>
    </g>
    <g class="plume-wire" data-from="bowl" data-to="mug">
      <path d="M 0 64.6 L 0 170.2" fill="none" stroke="#444" stroke-width="1"/>
      <polygon class="plume-marker plume-marker-arrow" points="0,173.2 -3,167.2 3,167.2" fill="#444"/>
    </g>
    <g class="plume-wire" data-from="bowl" data-to="mouse">
      <path d="M 0 15 L 0 -170.2" fill="none" stroke="#444" stroke-width="1"/>
      <polygon class="plume-marker plume-marker-arrow" points="0,-173.2 3,-167.2 -3,-167.2" fill="#444"/>
    </g>
  </g>
</svg>
