---
source: tests/conformance.rs
assertion_line: 26
expression: svg
input_file: samples/bare_attrs.plume
---
<svg xmlns="http://www.w3.org/2000/svg" viewBox="-212 -40.5 424 81" width="424" height="81" class="plume">
  <defs/>
  <g class="plume-scene" color="#222">
    <g class="plume-node plume-shape-rect" transform="translate(-151.5,0)">
      <rect x="-40" y="-20" width="80" height="40" rx="0" ry="0" fill="white" stroke="#444" stroke-width="1" stroke-dasharray="4,4"/>
      <g class="plume-node plume-shape-text" transform="translate(0,0)">
        <text x="0" y="0" text-anchor="middle" dominant-baseline="central" font-size="13" font-family="system-ui, -apple-system, sans-serif" fill="currentColor">dashed</text>
      </g>
    </g>
    <g class="plume-node plume-shape-rect" transform="translate(-50.5,0)">
      <rect x="-40" y="-20" width="80" height="40" rx="0" ry="0" fill="white" stroke="#444" stroke-width="1" stroke-dasharray="1,3"/>
      <g class="plume-node plume-shape-text" transform="translate(0,0)">
        <text x="0" y="0" text-anchor="middle" dominant-baseline="central" font-size="13" font-family="system-ui, -apple-system, sans-serif" fill="currentColor">dotted</text>
      </g>
    </g>
    <g class="plume-node plume-shape-rect" transform="translate(50.5,0)">
      <rect x="-40" y="-20" width="80" height="40" rx="0" ry="0" fill="white" stroke="#444" stroke-width="1"/>
      <g class="plume-node plume-shape-text" transform="translate(0,0)">
        <text x="0" y="0" text-anchor="middle" dominant-baseline="central" font-size="13" font-family="system-ui, -apple-system, sans-serif" fill="currentColor">double</text>
      </g>
    </g>
    <g class="plume-node plume-shape-rect" transform="translate(151.5,0)">
      <rect x="-40" y="-20" width="80" height="40" rx="0" ry="0" fill="white" stroke="#444" stroke-width="1"/>
      <g class="plume-node plume-shape-text" transform="translate(0,0)">
        <text x="0" y="0" text-anchor="middle" dominant-baseline="central" font-size="13" font-family="system-ui, -apple-system, sans-serif" fill="currentColor">shadow</text>
      </g>
    </g>
  </g>
  <g class="plume-wires"/>
</svg>
