---
source: tests/conformance.rs
assertion_line: 26
expression: svg
input_file: samples/wires_anchors.plume
---
<svg xmlns="http://www.w3.org/2000/svg" viewBox="-211.775 -44.8 423.55 89.6" width="423.55" height="89.6" class="plume">
  <defs/>
  <g class="plume-scene">
    <g class="plume-node plume-shape-rect" data-id="fadec" transform="translate(-156.9,0)">
      <rect x="-34.375" y="-24.3" width="68.75" height="48.6" rx="0" ry="0" fill="white" stroke="#444" stroke-width="1"/>
      <g class="plume-node plume-shape-text" transform="translate(0,0)">
        <text x="0" y="0" text-anchor="middle" dominant-baseline="central" font-size="13" font-family="system-ui, -apple-system, sans-serif" fill="#222">FADEC</text>
      </g>
    </g>
    <g class="plume-node plume-shape-rect" data-id="drive" transform="translate(-7.15,0)">
      <rect x="-34.375" y="-24.3" width="68.75" height="48.6" rx="0" ry="0" fill="white" stroke="#444" stroke-width="1"/>
      <g class="plume-node plume-shape-text" transform="translate(0,0)">
        <text x="0" y="0" text-anchor="middle" dominant-baseline="central" font-size="13" font-family="system-ui, -apple-system, sans-serif" fill="#222">Drive</text>
      </g>
    </g>
    <g class="plume-node plume-shape-rect" data-id="bus48" transform="translate(149.75,0)">
      <rect x="-41.525" y="-24.3" width="83.05" height="48.6" rx="0" ry="0" fill="white" stroke="#444" stroke-width="1"/>
      <g class="plume-node plume-shape-text" transform="translate(0,0)">
        <text x="0" y="0" text-anchor="middle" dominant-baseline="central" font-size="13" font-family="system-ui, -apple-system, sans-serif" fill="#222">Bus 48V</text>
      </g>
    </g>
  </g>
  <g class="plume-wires">
    <g class="plume-wire" data-from="fadec" data-to="drive">
      <path d="M -122.025 0 L -99.775 0 L -51.775 0 L -42.025 0" fill="none" stroke="#444" stroke-width="1"/>
      <polygon class="plume-marker plume-marker-arrow" points="-118.025,0 -108.025,-5 -108.025,5" fill="#444"/>
      <polygon class="plume-marker plume-marker-arrow" points="-46.025,0 -56.025,5 -56.025,-5" fill="#444"/>
      <text x="-82.025" y="0" text-anchor="middle" dominant-baseline="central" font-size="11" font-family="system-ui, -apple-system, sans-serif" fill="#222" paint-order="stroke" stroke="white" stroke-width="4.4" stroke-linejoin="round">CAN</text>
    </g>
    <g class="plume-wire" data-from="drive" data-to="bus48">
      <path d="M 27.725 0 L 44.225 0 L 92.225 0 L 107.725 0" fill="none" stroke="#444" stroke-width="1"/>
      <polygon class="plume-marker plume-marker-arrow" points="103.725,0 93.725,5 93.725,-5" fill="#444"/>
    </g>
  </g>
</svg>
