---
source: tests/conformance.rs
assertion_line: 26
expression: svg
input_file: samples/wires_anchors.plume
---
<svg xmlns="http://www.w3.org/2000/svg" viewBox="-186.75 -44.8 373.5 89.6" width="373.5" height="89.6" class="plume">
  <defs/>
  <g class="plume-scene" color="#222">
    <g class="plume-node plume-shape-rect" data-id="cat" transform="translate(-139.025,0)">
      <rect x="-27.225" y="-24.3" width="54.45" height="48.6" rx="0" ry="0" fill="white" stroke="#444" stroke-width="1"/>
      <g class="plume-node plume-shape-text" transform="translate(0,0)">
        <text x="0" y="0" text-anchor="middle" dominant-baseline="central" font-size="13" font-family="system-ui, -apple-system, sans-serif" fill="currentColor">Cat</text>
      </g>
    </g>
    <g class="plume-node plume-shape-rect" data-id="dog" transform="translate(-3.575,0)">
      <rect x="-27.225" y="-24.3" width="54.45" height="48.6" rx="0" ry="0" fill="white" stroke="#444" stroke-width="1"/>
      <g class="plume-node plume-shape-text" transform="translate(0,0)">
        <text x="0" y="0" text-anchor="middle" dominant-baseline="central" font-size="13" font-family="system-ui, -apple-system, sans-serif" fill="currentColor">Dog</text>
      </g>
    </g>
    <g class="plume-node plume-shape-rect" data-id="bird" transform="translate(135.45,0)">
      <rect x="-30.8" y="-24.3" width="61.6" height="48.6" rx="0" ry="0" fill="white" stroke="#444" stroke-width="1"/>
      <g class="plume-node plume-shape-text" transform="translate(0,0)">
        <text x="0" y="0" text-anchor="middle" dominant-baseline="central" font-size="13" font-family="system-ui, -apple-system, sans-serif" fill="currentColor">Bird</text>
      </g>
    </g>
  </g>
  <g class="plume-wires">
    <g class="plume-wire" data-from="cat" data-to="dog">
      <path d="M -107.3 0 L -35.3 0" fill="none" stroke="#444" stroke-width="1"/>
      <polygon class="plume-marker plume-marker-arrow" points="-110.3,0 -104.3,-3 -104.3,3" fill="#444"/>
      <polygon class="plume-marker plume-marker-arrow" points="-32.3,0 -38.3,3 -38.3,-3" fill="#444"/>
      <text x="-71.3" y="0" text-anchor="middle" dominant-baseline="central" font-size="11" font-family="system-ui, -apple-system, sans-serif" fill="currentColor" paint-order="stroke" stroke="white" stroke-width="4.4" stroke-linejoin="round">chats</text>
    </g>
    <g class="plume-wire" data-from="dog" data-to="bird">
      <path d="M -3.575 24.8 L -3.575 0 L 135.45 0 L 135.45 -20.8" fill="none" stroke="#444" stroke-width="1"/>
      <polygon class="plume-marker plume-marker-arrow" points="135.45,-23.8 138.45,-17.8 132.45,-17.8" fill="#444"/>
    </g>
  </g>
</svg>
