---
source: tests/conformance.rs
expression: svg
input_file: samples/wires_chain.plume
---
<svg xmlns="http://www.w3.org/2000/svg" viewBox="-209.35 -44.8 418.7 89.6" width="418.7" height="89.6" class="plume">
  <defs/>
  <g class="plume-scene" color="#222">
    <g class="plume-node plume-shape-rect" data-id="cat" transform="translate(-161.625,0)">
      <rect x="-27.225" y="-24.3" width="54.45" height="48.6" rx="0" ry="0" fill="white" stroke="#444" stroke-width="1"/>
      <g class="plume-node plume-shape-text" transform="translate(0,0)">
        <text x="0" y="0" text-anchor="middle" dominant-baseline="central" font-size="13" font-family="system-ui, -apple-system, sans-serif" fill="currentColor">Cat</text>
      </g>
    </g>
    <g class="plume-node plume-shape-rect" data-id="dog" transform="translate(-86.175,0)">
      <rect x="-27.225" y="-24.3" width="54.45" height="48.6" rx="0" ry="0" fill="white" stroke="#444" stroke-width="1"/>
      <g class="plume-node plume-shape-text" transform="translate(0,0)">
        <text x="0" y="0" text-anchor="middle" dominant-baseline="central" font-size="13" font-family="system-ui, -apple-system, sans-serif" fill="currentColor">Dog</text>
      </g>
    </g>
    <g class="plume-node plume-shape-rect" data-id="bird" transform="translate(-7.15,0)">
      <rect x="-30.8" y="-24.3" width="61.6" height="48.6" rx="0" ry="0" fill="white" stroke="#444" stroke-width="1"/>
      <g class="plume-node plume-shape-text" transform="translate(0,0)">
        <text x="0" y="0" text-anchor="middle" dominant-baseline="central" font-size="13" font-family="system-ui, -apple-system, sans-serif" fill="currentColor">Bird</text>
      </g>
    </g>
    <g class="plume-node plume-shape-rect" data-id="fish" transform="translate(75.45,0)">
      <rect x="-30.8" y="-24.3" width="61.6" height="48.6" rx="0" ry="0" fill="white" stroke="#444" stroke-width="1"/>
      <g class="plume-node plume-shape-text" transform="translate(0,0)">
        <text x="0" y="0" text-anchor="middle" dominant-baseline="central" font-size="13" font-family="system-ui, -apple-system, sans-serif" fill="currentColor">Fish</text>
      </g>
    </g>
    <g class="plume-node plume-shape-rect" data-id="frog" transform="translate(158.05,0)">
      <rect x="-30.8" y="-24.3" width="61.6" height="48.6" rx="0" ry="0" fill="white" stroke="#444" stroke-width="1"/>
      <g class="plume-node plume-shape-text" transform="translate(0,0)">
        <text x="0" y="0" text-anchor="middle" dominant-baseline="central" font-size="13" font-family="system-ui, -apple-system, sans-serif" fill="currentColor">Frog</text>
      </g>
    </g>
  </g>
  <g class="plume-wires">
    <g class="plume-wire" data-from="cat" data-to="frog">
      <path d="M -133.9 -20.8 L -113.9 -20.8" fill="none" stroke="red" stroke-width="2"/>
    </g>
    <g class="plume-wire" data-from="cat" data-to="frog">
      <path d="M -58.45 0 L -38.45 0" fill="none" stroke="red" stroke-width="2"/>
    </g>
    <g class="plume-wire" data-from="cat" data-to="frog">
      <path d="M 24.15 0 L 44.15 0" fill="none" stroke="red" stroke-width="2"/>
    </g>
    <g class="plume-wire" data-from="cat" data-to="frog">
      <path d="M 106.75 0 L 122.75 0" fill="none" stroke="red" stroke-width="2"/>
      <polygon class="plume-marker plume-marker-arrow" points="125.75,0 115.75,5 115.75,-5" fill="red"/>
    </g>
    <g class="plume-wire" data-from="cat" data-to="dog">
      <path d="M -133.9 -15.6 L -117.9 -15.6" fill="none" stroke="#444" stroke-width="1" stroke-dasharray="4,4"/>
      <polygon class="plume-marker plume-marker-arrow" points="-114.9,-15.6 -120.9,-12.6 -120.9,-18.6" fill="#444"/>
    </g>
    <g class="plume-wire" data-from="cat" data-to="dog">
      <path d="M -133.9 -10.4 L -117.9 -10.4" fill="none" stroke="#444" stroke-width="1" stroke-dasharray="1,3"/>
      <polygon class="plume-marker plume-marker-arrow" points="-114.9,-10.4 -120.9,-7.4 -120.9,-13.4" fill="#444"/>
    </g>
    <g class="plume-wire" data-from="cat" data-to="dog">
      <path d="M -129.9 -5.2 L -113.9 -5.2" fill="none" stroke="#444" stroke-width="1"/>
      <polygon class="plume-marker plume-marker-arrow" points="-132.9,-5.2 -126.9,-8.2 -126.9,-2.2" fill="#444"/>
    </g>
    <g class="plume-wire" data-from="cat" data-to="dog">
      <path d="M -129.9 0 L -113.9 0" fill="none" stroke="#444" stroke-width="1" stroke-dasharray="4,4"/>
      <polygon class="plume-marker plume-marker-arrow" points="-132.9,0 -126.9,-3 -126.9,3" fill="#444"/>
    </g>
    <g class="plume-wire" data-from="cat" data-to="dog">
      <path d="M -129.9 5.2 L -113.9 5.2" fill="none" stroke="#444" stroke-width="1" stroke-dasharray="1,3"/>
      <polygon class="plume-marker plume-marker-arrow" points="-132.9,5.2 -126.9,2.2 -126.9,8.2" fill="#444"/>
    </g>
    <g class="plume-wire" data-from="cat" data-to="dog">
      <path d="M -129.9 10.4 L -117.9 10.4" fill="none" stroke="#444" stroke-width="1"/>
      <polygon class="plume-marker plume-marker-arrow" points="-132.9,10.4 -126.9,7.4 -126.9,13.4" fill="#444"/>
      <polygon class="plume-marker plume-marker-arrow" points="-114.9,10.4 -120.9,13.4 -120.9,7.4" fill="#444"/>
    </g>
    <g class="plume-wire" data-from="cat" data-to="dog">
      <path d="M -129.9 15.6 L -117.9 15.6" fill="none" stroke="#444" stroke-width="1" stroke-dasharray="4,4"/>
      <polygon class="plume-marker plume-marker-arrow" points="-132.9,15.6 -126.9,12.6 -126.9,18.6" fill="#444"/>
      <polygon class="plume-marker plume-marker-arrow" points="-114.9,15.6 -120.9,18.6 -120.9,12.6" fill="#444"/>
    </g>
    <g class="plume-wire" data-from="cat" data-to="dog">
      <path d="M -129.9 20.8 L -117.9 20.8" fill="none" stroke="#444" stroke-width="1" stroke-dasharray="1,3"/>
      <polygon class="plume-marker plume-marker-arrow" points="-132.9,20.8 -126.9,17.8 -126.9,23.8" fill="#444"/>
      <polygon class="plume-marker plume-marker-arrow" points="-114.9,20.8 -120.9,23.8 -120.9,17.8" fill="#444"/>
    </g>
  </g>
</svg>
