---
source: tests/conformance.rs
assertion_line: 26
expression: svg
input_file: samples/wires_chain.plume
---
<svg xmlns="http://www.w3.org/2000/svg" viewBox="-62.025 -184 124.05 368" width="124.05" height="368" class="plume">
  <defs/>
  <g class="plume-scene">
    <g class="plume-node plume-shape-rect" data-id="outlet" transform="translate(0,-139.2)">
      <rect x="-37.95" y="-24.3" width="75.9" height="48.6" rx="0" ry="0" fill="white" stroke="#444" stroke-width="1"/>
      <g class="plume-node plume-shape-text" transform="translate(0,0)">
        <text x="0" y="0" text-anchor="middle" dominant-baseline="central" font-size="13" font-family="system-ui, -apple-system, sans-serif" fill="#222">Outlet</text>
      </g>
    </g>
    <g class="plume-node plume-shape-rect" data-id="drive" transform="translate(0,-69.6)">
      <rect x="-34.375" y="-24.3" width="68.75" height="48.6" rx="0" ry="0" fill="white" stroke="#444" stroke-width="1"/>
      <g class="plume-node plume-shape-text" transform="translate(0,0)">
        <text x="0" y="0" text-anchor="middle" dominant-baseline="central" font-size="13" font-family="system-ui, -apple-system, sans-serif" fill="#222">Drive</text>
      </g>
    </g>
    <g class="plume-node plume-shape-rect" data-id="bus48" transform="translate(0,-0)">
      <rect x="-41.525" y="-24.3" width="83.05" height="48.6" rx="0" ry="0" fill="white" stroke="#444" stroke-width="1"/>
      <g class="plume-node plume-shape-text" transform="translate(0,0)">
        <text x="0" y="0" text-anchor="middle" dominant-baseline="central" font-size="13" font-family="system-ui, -apple-system, sans-serif" fill="#222">Bus 48V</text>
      </g>
    </g>
    <g class="plume-node plume-shape-rect" data-id="fuse" transform="translate(0,69.6)">
      <rect x="-30.8" y="-24.3" width="61.6" height="48.6" rx="0" ry="0" fill="white" stroke="#444" stroke-width="1"/>
      <g class="plume-node plume-shape-text" transform="translate(0,0)">
        <text x="0" y="0" text-anchor="middle" dominant-baseline="central" font-size="13" font-family="system-ui, -apple-system, sans-serif" fill="#222">Fuse</text>
      </g>
    </g>
    <g class="plume-node plume-shape-rect" data-id="caps" transform="translate(0,139.2)">
      <rect x="-30.8" y="-24.3" width="61.6" height="48.6" rx="0" ry="0" fill="white" stroke="#444" stroke-width="1"/>
      <g class="plume-node plume-shape-text" transform="translate(0,0)">
        <text x="0" y="0" text-anchor="middle" dominant-baseline="central" font-size="13" font-family="system-ui, -apple-system, sans-serif" fill="#222">Caps</text>
      </g>
    </g>
  </g>
  <g class="plume-wires">
    <g class="plume-wire" data-from="outlet" data-to="caps">
      <path d="M -32 -114.4 L -32 -96 L -30.025 -96 L -30.025 -104 L -30.875 -104 L -30.875 -94.4" fill="none" stroke="red" stroke-width="2"/>
    </g>
    <g class="plume-wire" data-from="outlet" data-to="caps">
      <path d="M 0 -44.8 L 0 -24 L 1.975 -24 L 1.975 -40 L 0 -40 L 0 -24.8" fill="none" stroke="red" stroke-width="2"/>
    </g>
    <g class="plume-wire" data-from="outlet" data-to="caps">
      <path d="M 0 24.8 L 0 48 L 1.975 48 L 1.975 32 L 0 32 L 0 44.8" fill="none" stroke="red" stroke-width="2"/>
    </g>
    <g class="plume-wire" data-from="outlet" data-to="caps">
      <path d="M 0 94.4 L 0 112 L 1.975 112 L 1.975 104 L 0 104 L 0 110.4" fill="none" stroke="red" stroke-width="2"/>
      <polygon class="plume-marker plume-marker-arrow" points="0,110.4 -5,100.4 5,100.4" fill="red"/>
    </g>
    <g class="plume-wire" data-from="outlet" data-to="drive">
      <path d="M -24 -114.4 L -24 -96 L -22.025 -96 L -22.025 -104 L -24 -104 L -24 -98.4" fill="none" stroke="#444" stroke-width="1"/>
      <polygon class="plume-marker plume-marker-arrow" points="-24,-98.4 -29,-108.4 -19,-108.4" fill="#444"/>
    </g>
    <g class="plume-wire" data-from="outlet" data-to="drive">
      <path d="M -16 -114.4 L -16 -96 L -14.025 -96 L -14.025 -104 L -16 -104 L -16 -98.4" fill="none" stroke="#444" stroke-width="1"/>
      <polygon class="plume-marker plume-marker-arrow" points="-16,-98.4 -21,-108.4 -11,-108.4" fill="#444"/>
    </g>
    <g class="plume-wire" data-from="outlet" data-to="drive">
      <path d="M -8 -110.4 L -8 -96 L -6.025 -96 L -6.025 -104 L -8 -104 L -8 -94.4" fill="none" stroke="#444" stroke-width="1"/>
      <polygon class="plume-marker plume-marker-arrow" points="-8,-110.4 -3,-100.4 -13,-100.4" fill="#444"/>
    </g>
    <g class="plume-wire" data-from="outlet" data-to="drive">
      <path d="M 0 -110.4 L 0 -96 L 1.975 -96 L 1.975 -104 L 0 -104 L 0 -94.4" fill="none" stroke="#444" stroke-width="1"/>
      <polygon class="plume-marker plume-marker-arrow" points="0,-110.4 5,-100.4 -5,-100.4" fill="#444"/>
    </g>
    <g class="plume-wire" data-from="outlet" data-to="drive">
      <path d="M 8 -110.4 L 8 -96 L 9.975 -96 L 9.975 -104 L 8 -104 L 8 -94.4" fill="none" stroke="#444" stroke-width="1"/>
      <polygon class="plume-marker plume-marker-arrow" points="8,-110.4 13,-100.4 3,-100.4" fill="#444"/>
    </g>
    <g class="plume-wire" data-from="outlet" data-to="drive">
      <path d="M 16 -110.4 L 16 -96 L 17.975 -96 L 17.975 -104 L 16 -104 L 16 -98.4" fill="none" stroke="#444" stroke-width="1"/>
      <polygon class="plume-marker plume-marker-arrow" points="16,-110.4 21,-100.4 11,-100.4" fill="#444"/>
      <polygon class="plume-marker plume-marker-arrow" points="16,-98.4 11,-108.4 21,-108.4" fill="#444"/>
    </g>
    <g class="plume-wire" data-from="outlet" data-to="drive">
      <path d="M 24 -110.4 L 24 -96 L 25.975 -96 L 25.975 -104 L 24 -104 L 24 -98.4" fill="none" stroke="#444" stroke-width="1"/>
      <polygon class="plume-marker plume-marker-arrow" points="24,-110.4 29,-100.4 19,-100.4" fill="#444"/>
      <polygon class="plume-marker plume-marker-arrow" points="24,-98.4 19,-108.4 29,-108.4" fill="#444"/>
    </g>
    <g class="plume-wire" data-from="outlet" data-to="drive">
      <path d="M 32 -110.4 L 32 -96 L 33.975 -96 L 33.975 -104 L 30.875 -104 L 30.875 -98.4" fill="none" stroke="#444" stroke-width="1"/>
      <polygon class="plume-marker plume-marker-arrow" points="32,-110.4 37,-100.4 27,-100.4" fill="#444"/>
      <polygon class="plume-marker plume-marker-arrow" points="30.875,-98.4 25.875,-108.4 35.875,-108.4" fill="#444"/>
    </g>
  </g>
</svg>
