---
source: tests/conformance.rs
expression: svg
input_file: samples/wires_chain.plume
---
<svg xmlns="http://www.w3.org/2000/svg" viewBox="-168.05 -44.8 336.1 105.6" width="336.1" height="105.6" class="plume">
  <defs/>
  <g class="plume-scene" color="black">
    <g class="plume-node plume-shape-rect" data-id="cat" transform="translate(-120.325,0)">
      <rect x="-27.225" y="-24.3" width="54.45" height="48.6" rx="0" ry="0" fill="white" stroke="#444" stroke-width="1"/>
      <g class="plume-node plume-shape-text" transform="translate(0,0)">
        <text x="0" y="0" text-anchor="middle" dominant-baseline="central" font-size="13" font-family="sans-serif" fill="currentColor">Cat</text>
      </g>
    </g>
    <g class="plume-node plume-shape-rect" data-id="dog" transform="translate(-44.875,0)">
      <rect x="-27.225" y="-24.3" width="54.45" height="48.6" rx="0" ry="0" fill="white" stroke="#444" stroke-width="1"/>
      <g class="plume-node plume-shape-text" transform="translate(0,0)">
        <text x="0" y="0" text-anchor="middle" dominant-baseline="central" font-size="13" font-family="sans-serif" fill="currentColor">Dog</text>
      </g>
    </g>
    <g class="plume-node plume-shape-rect" data-id="bird" transform="translate(34.15,0)">
      <rect x="-30.8" y="-24.3" width="61.6" height="48.6" rx="0" ry="0" fill="white" stroke="#444" stroke-width="1"/>
      <g class="plume-node plume-shape-text" transform="translate(0,0)">
        <text x="0" y="0" text-anchor="middle" dominant-baseline="central" font-size="13" font-family="sans-serif" fill="currentColor">Bird</text>
      </g>
    </g>
    <g class="plume-node plume-shape-rect" data-id="fish" transform="translate(116.75,0)">
      <rect x="-30.8" y="-24.3" width="61.6" height="48.6" rx="0" ry="0" fill="white" stroke="#444" stroke-width="1"/>
      <g class="plume-node plume-shape-text" transform="translate(0,0)">
        <text x="0" y="0" text-anchor="middle" dominant-baseline="central" font-size="13" font-family="sans-serif" fill="currentColor">Fish</text>
      </g>
    </g>
  </g>
  <g class="plume-wires">
    <g class="plume-wire" data-from="cat" data-to="fish">
      <path d="M -92.6 0 L -72.6 0" fill="none" stroke="red" stroke-width="2"/>
    </g>
    <g class="plume-wire" data-from="cat" data-to="fish">
      <path d="M -17.15 0 L 2.85 0" fill="none" stroke="red" stroke-width="2"/>
    </g>
    <g class="plume-wire" data-from="cat" data-to="fish">
      <path d="M 65.45 0 L 81.45 0" fill="none" stroke="red" stroke-width="2"/>
      <polygon class="plume-marker plume-marker-arrow" points="84.45,0 74.45,5 74.45,-5" fill="red"/>
    </g>
    <g class="plume-wire" data-from="cat" data-to="bird">
      <path d="M -92.6 0 L -88.6 0 L -88.6 40.8 L -1.15 40.8 L -1.15 0 L 2.85 0" fill="none" stroke="#444" stroke-width="1"/>
      <polygon class="plume-marker plume-marker-arrow" points="-91.6,0 -85.6,-3 -85.6,3" fill="#444"/>
      <polygon class="plume-marker plume-marker-arrow" points="1.85,0 -4.15,3 -4.15,-3" fill="#444"/>
    </g>
    <g class="plume-wire" data-from="dog" data-to="fish">
      <path d="M -17.15 0 L -13.15 0 L -13.15 40.8 L 81.45 40.8 L 81.45 0 L 85.45 0" fill="none" stroke="#444" stroke-width="1" stroke-dasharray="4,4"/>
      <polygon class="plume-marker plume-marker-arrow" points="84.45,0 78.45,3 78.45,-3" fill="#444"/>
    </g>
  </g>
</svg>
