---
source: tests/conformance.rs
assertion_line: 26
expression: svg
input_file: samples/wires_realistic.plume
---
<svg xmlns="http://www.w3.org/2000/svg" viewBox="-210.2 -123.4 420.4 252" width="420.4" height="252" class="plume">
  <defs/>
  <g class="plume-scene" color="#222">
    <g class="plume-node plume-shape-oval" data-id="cat" transform="translate(-162.475,0)">
      <ellipse cx="0" cy="0" rx="27.225" ry="24.3" fill="white" stroke="#444" stroke-width="1"/>
      <g class="plume-node plume-shape-text" transform="translate(0,0)">
        <text x="0" y="0" text-anchor="middle" dominant-baseline="central" font-size="13" font-family="system-ui, -apple-system, sans-serif" fill="currentColor">Cat</text>
      </g>
    </g>
    <g class="plume-node plume-shape-group plume-shape-rect" data-id="kitchen" transform="translate(-53.375,0)">
      <rect x="-64.875" y="-102.9" width="129.75" height="205.8" rx="0" ry="0" fill="white" stroke="#444" stroke-width="1"/>
      <g class="plume-node plume-shape-text" transform="translate(0,-64.6)">
        <text x="0" y="0" text-anchor="middle" dominant-baseline="central" font-size="13" font-family="system-ui, -apple-system, sans-serif" fill="currentColor">Kitchen</text>
      </g>
      <g class="plume-node plume-shape-treat plume-shape-rect" data-id="bowl" transform="translate(0,-16.5)">
        <rect x="-30.8" y="-24.3" width="61.6" height="48.6" rx="4" ry="4" fill="#eee" stroke="#444" stroke-width="1"/>
        <g class="plume-node plume-shape-text" transform="translate(0,0)">
          <text x="0" y="0" text-anchor="middle" dominant-baseline="central" font-size="13" font-family="system-ui, -apple-system, sans-serif" fill="currentColor">Bowl</text>
        </g>
      </g>
      <g class="plume-node plume-shape-treat plume-shape-rect" data-id="water" transform="translate(0,48.1)">
        <rect x="-34.375" y="-24.3" width="68.75" height="48.6" rx="4" ry="4" fill="#eee" stroke="#444" stroke-width="1"/>
        <g class="plume-node plume-shape-text" transform="translate(0,0)">
          <text x="0" y="0" text-anchor="middle" dominant-baseline="central" font-size="13" font-family="system-ui, -apple-system, sans-serif" fill="currentColor">Water</text>
        </g>
      </g>
    </g>
    <g class="plume-node plume-shape-group plume-shape-rect" data-id="garden" transform="translate(69.8,0)">
      <rect x="-41.3" y="-82.9" width="82.6" height="165.8" rx="0" ry="0" fill="white" stroke="#444" stroke-width="1"/>
      <g class="plume-node plume-shape-text" transform="translate(0,-64.6)">
        <text x="0" y="0" text-anchor="middle" dominant-baseline="central" font-size="13" font-family="system-ui, -apple-system, sans-serif" fill="currentColor">Garden</text>
      </g>
      <g class="plume-node plume-shape-treat plume-shape-rect" data-id="dog" transform="translate(0,-16.5)">
        <rect x="-27.225" y="-24.3" width="54.45" height="48.6" rx="4" ry="4" fill="#eee" stroke="#444" stroke-width="1"/>
        <g class="plume-node plume-shape-text" transform="translate(0,0)">
          <text x="0" y="0" text-anchor="middle" dominant-baseline="central" font-size="13" font-family="system-ui, -apple-system, sans-serif" fill="currentColor">Dog</text>
        </g>
      </g>
      <g class="plume-node plume-shape-treat plume-shape-rect" data-id="bird" transform="translate(0,48.1)">
        <rect x="-30.8" y="-24.3" width="61.6" height="48.6" rx="4" ry="4" fill="#eee" stroke="#444" stroke-width="1"/>
        <g class="plume-node plume-shape-text" transform="translate(0,0)">
          <text x="0" y="0" text-anchor="middle" dominant-baseline="central" font-size="13" font-family="system-ui, -apple-system, sans-serif" fill="currentColor">Bird</text>
        </g>
      </g>
    </g>
    <g class="plume-node plume-shape-treat plume-shape-rect" data-id="roof" transform="translate(158.9,0)">
      <rect x="-30.8" y="-24.3" width="61.6" height="48.6" rx="4" ry="4" fill="#eee" stroke="#444" stroke-width="1"/>
      <g class="plume-node plume-shape-text" transform="translate(0,0)">
        <text x="0" y="0" text-anchor="middle" dominant-baseline="central" font-size="13" font-family="system-ui, -apple-system, sans-serif" fill="currentColor">Roof</text>
      </g>
    </g>
  </g>
  <g class="plume-wires">
    <g class="plume-wire" data-from="cat" data-to="kitchen.bowl">
      <path d="M -134.75 -11.4 L -106.2 -11.4 L -106.2 -19.4 L -88.675 -19.4" fill="none" stroke="red" stroke-width="2"/>
      <polygon class="plume-marker plume-marker-arrow" points="-85.675,-19.4 -95.675,-14.4 -95.675,-24.4" fill="red"/>
    </g>
    <g class="plume-wire" data-from="cat" data-to="kitchen.water">
      <path d="M -134.75 4.6 L -106.2 4.6 L -106.2 44.6 L -92.25 44.6" fill="none" stroke="red" stroke-width="2"/>
      <polygon class="plume-marker plume-marker-arrow" points="-89.25,44.6 -99.25,49.6 -99.25,39.6" fill="red"/>
    </g>
    <g class="plume-wire" data-from="kitchen.bowl" data-to="garden.dog">
      <path d="M -22.075 -27.4 L 21.8 -27.4 L 21.8 -35.4 L 38.075 -35.4" fill="none" stroke="red" stroke-width="2"/>
      <polygon class="plume-marker plume-marker-arrow" points="41.075,-35.4 31.075,-30.4 31.075,-40.4" fill="red"/>
    </g>
    <g class="plume-wire" data-from="kitchen.bowl" data-to="garden.dog">
      <path d="M -22.075 -11.4 L 21.8 -11.4 L 21.8 -19.4 L 38.075 -19.4" fill="none" stroke="red" stroke-width="2"/>
      <polygon class="plume-marker plume-marker-arrow" points="41.075,-19.4 31.075,-14.4 31.075,-24.4" fill="red"/>
    </g>
    <g class="plume-wire" data-from="kitchen.water" data-to="garden.dog">
      <path d="M -14.5 28.6 L 13.8 28.6 L 13.8 -3.4 L 38.075 -3.4" fill="none" stroke="blue" stroke-width="1" stroke-dasharray="4,4"/>
      <polygon class="plume-marker plume-marker-arrow" points="-17.5,28.6 -11.5,25.6 -11.5,31.6" fill="blue"/>
      <polygon class="plume-marker plume-marker-arrow" points="41.075,-3.4 35.075,-0.4 35.075,-6.4" fill="blue"/>
      <text x="13.8" y="14.6125" text-anchor="middle" dominant-baseline="central" font-size="11" font-family="system-ui, -apple-system, sans-serif" fill="currentColor" paint-order="stroke" stroke="white" stroke-width="4.4" stroke-linejoin="round">shares</text>
    </g>
    <g class="plume-wire" data-from="kitchen.water" data-to="garden.bird">
      <path d="M -14.5 44.6 L 34.5 44.6" fill="none" stroke="blue" stroke-width="1" stroke-dasharray="4,4"/>
      <polygon class="plume-marker plume-marker-arrow" points="-17.5,44.6 -11.5,41.6 -11.5,47.6" fill="blue"/>
      <polygon class="plume-marker plume-marker-arrow" points="37.5,44.6 31.5,47.6 31.5,41.6" fill="blue"/>
    </g>
    <g class="plume-wire" data-from="kitchen.water" data-to="roof">
      <path d="M -18.5 60.6 L 5.8 60.6 L 5.8 108.6 L 157.8 108.6 L 157.8 28.8" fill="none" stroke="green" stroke-width="1"/>
      <polygon class="plume-marker plume-marker-arrow" points="157.8,25.8 160.8,31.8 154.8,31.8" fill="green"/>
    </g>
  </g>
</svg>
