---
source: tests/conformance.rs
expression: svg
input_file: samples/full_example.plume
---
<svg xmlns="http://www.w3.org/2000/svg" viewBox="-150.5 -180.7 301 361.4" width="301" height="361.4" class="plume">
  <defs/>
  <g class="plume-scene" color="black">
    <g class="plume-node plume-shape-rect" data-id="browser" transform="translate(0,-135.9)">
      <rect x="-41.525" y="-24.3" width="83.05" height="48.6" rx="0" ry="0" fill="white" stroke="#444" stroke-width="1"/>
      <g class="plume-node plume-shape-text" transform="translate(0,0)">
        <text x="0" y="0" text-anchor="middle" dominant-baseline="central" font-size="13" font-family="sans-serif" fill="currentColor">Browser</text>
      </g>
    </g>
    <g class="plume-node plume-shape-group plume-shape-rect" data-id="edge" transform="translate(0,-45.8)">
      <rect x="-130" y="-24.8" width="260" height="49.6" rx="0" ry="0" fill="white" stroke="#444" stroke-width="1"/>
      <g class="plume-node plume-shape-text" transform="translate(-115.2,0)">
        <text x="0" y="0" text-anchor="middle" dominant-baseline="central" font-size="13" font-family="sans-serif" fill="currentColor">Edge</text>
      </g>
      <g class="plume-node plume-shape-rect" data-id="cdn" transform="translate(-48.675,0)">
        <rect x="-27.225" y="-24.3" width="54.45" height="48.6" rx="0" ry="0" fill="white" stroke="#444" stroke-width="1"/>
        <g class="plume-node plume-shape-text" transform="translate(0,0)">
          <text x="0" y="0" text-anchor="middle" dominant-baseline="central" font-size="13" font-family="sans-serif" fill="currentColor">CDN</text>
        </g>
      </g>
      <g class="plume-node plume-shape-rect" data-id="lb" transform="translate(66.525,0)">
        <rect x="-62.975" y="-24.3" width="125.95" height="48.6" rx="0" ry="0" fill="white" stroke="#444" stroke-width="1"/>
        <g class="plume-node plume-shape-text" transform="translate(0,0)">
          <text x="0" y="0" text-anchor="middle" dominant-baseline="central" font-size="13" font-family="sans-serif" fill="currentColor">Load balancer</text>
        </g>
      </g>
    </g>
    <g class="plume-node plume-shape-group plume-shape-rect" data-id="services" transform="translate(0,44.8)">
      <rect x="-112.125" y="-24.8" width="224.25" height="49.6" rx="0" ry="0" fill="white" stroke="#444" stroke-width="1"/>
      <g class="plume-node plume-shape-text" transform="translate(-83.025,0)">
        <text x="0" y="0" text-anchor="middle" dominant-baseline="central" font-size="13" font-family="sans-serif" fill="currentColor">Services</text>
      </g>
      <g class="plume-node plume-shape-rect" data-id="api" transform="translate(-2.2,0)">
        <rect x="-27.225" y="-24.3" width="54.45" height="48.6" rx="0" ry="0" fill="white" stroke="#444" stroke-width="1"/>
        <g class="plume-node plume-shape-text" transform="translate(0,0)">
          <text x="0" y="0" text-anchor="middle" dominant-baseline="central" font-size="13" font-family="sans-serif" fill="currentColor">API</text>
        </g>
      </g>
      <g class="plume-node plume-shape-rect" data-id="auth" transform="translate(80.825,0)">
        <rect x="-30.8" y="-24.3" width="61.6" height="48.6" rx="0" ry="0" fill="white" stroke="#444" stroke-width="1"/>
        <g class="plume-node plume-shape-text" transform="translate(0,0)">
          <text x="0" y="0" text-anchor="middle" dominant-baseline="central" font-size="13" font-family="sans-serif" fill="currentColor">Auth</text>
        </g>
      </g>
    </g>
    <g class="plume-node plume-shape-group plume-shape-rect" data-id="data" transform="translate(0,135.4)">
      <rect x="-119.275" y="-24.8" width="238.55" height="49.6" rx="0" ry="0" fill="white" stroke="#444" stroke-width="1"/>
      <g class="plume-node plume-shape-text" transform="translate(-104.475,0)">
        <text x="0" y="0" text-anchor="middle" dominant-baseline="central" font-size="13" font-family="sans-serif" fill="currentColor">Data</text>
      </g>
      <g class="plume-node plume-shape-cyl" data-id="cache" transform="translate(-30.8,0)">
        <path d="M -34.375 -19.44 L -34.375 19.44 A 34.375 4.86 0 0 0 34.375 19.44 L 34.375 -19.44 A 34.375 4.86 0 0 0 -34.375 -19.44 Z" fill="white" stroke="#444" stroke-width="1"/>
        <ellipse cx="0" cy="-19.44" rx="34.375" ry="4.86" fill="white" stroke="#444" stroke-width="1"/>
        <g class="plume-node plume-shape-text" transform="translate(0,0)">
          <text x="0" y="0" text-anchor="middle" dominant-baseline="central" font-size="13" font-family="sans-serif" fill="currentColor">Redis</text>
        </g>
      </g>
      <g class="plume-node plume-shape-cyl" data-id="db" transform="translate(73.675,0)">
        <path d="M -45.1 -19.44 L -45.1 19.44 A 45.1 4.86 0 0 0 45.1 19.44 L 45.1 -19.44 A 45.1 4.86 0 0 0 -45.1 -19.44 Z" fill="white" stroke="#444" stroke-width="1"/>
        <ellipse cx="0" cy="-19.44" rx="45.1" ry="4.86" fill="white" stroke="#444" stroke-width="1"/>
        <g class="plume-node plume-shape-text" transform="translate(0,0)">
          <text x="0" y="0" text-anchor="middle" dominant-baseline="central" font-size="13" font-family="sans-serif" fill="currentColor">Postgres</text>
        </g>
      </g>
    </g>
  </g>
  <g class="plume-wires">
    <g class="plume-wire" data-from="browser" data-to="edge.lb">
      <path d="M -32.025 -111.1 L -32.025 -70.6" fill="none" stroke="#666" stroke-width="1"/>
    </g>
    <g class="plume-wire" data-from="browser" data-to="edge.lb">
      <path d="M -20.95 -45.8 L -0.95 -45.8" fill="none" stroke="#666" stroke-width="1"/>
      <polygon class="plume-marker plume-marker-arrow" points="3.05,-45.8 -1.95,-43.3 -1.95,-48.3" fill="#666"/>
      <text x="-8.95" y="-45.8" text-anchor="middle" dominant-baseline="central" font-size="11" font-family="sans-serif" fill="currentColor" paint-order="stroke" stroke="white" stroke-width="4.4" stroke-linejoin="round">https</text>
    </g>
    <g class="plume-wire" data-from="edge.lb" data-to="services.api">
      <path d="M 61.525 -21 L 61.525 10 L 15.525 10 L 15.525 16" fill="none" stroke="#666" stroke-width="1"/>
      <polygon class="plume-marker plume-marker-arrow" points="15.525,20 13.025,15 18.025,15" fill="#666"/>
    </g>
    <g class="plume-wire" data-from="edge.lb" data-to="services.auth">
      <path d="M 71.525 -21 L 71.525 16" fill="none" stroke="#666" stroke-width="1"/>
      <polygon class="plume-marker plume-marker-arrow" points="71.525,20 69.025,15 74.025,15" fill="#666"/>
    </g>
    <g class="plume-wire" data-from="services.api" data-to="data.cache">
      <path d="M -19.925 69.6 L -19.925 106.6" fill="none" stroke="#666" stroke-width="1"/>
      <polygon class="plume-marker plume-marker-arrow" points="-19.925,110.6 -22.425,105.6 -17.425,105.6" fill="#666"/>
      <text x="-19.925" y="90.1" text-anchor="middle" dominant-baseline="central" font-size="11" font-family="sans-serif" fill="currentColor" paint-order="stroke" stroke="white" stroke-width="4.4" stroke-linejoin="round">cache</text>
    </g>
    <g class="plume-wire" data-from="services.api" data-to="data.db">
      <path d="M 25.525 59.6 L 26.8 59.6 L 26.8 120.6 L 28.075 120.6" fill="none" stroke="#666" stroke-width="1"/>
      <polygon class="plume-marker plume-marker-arrow" points="28.075,120.6 23.075,123.1 23.075,118.1" fill="#666"/>
    </g>
    <g class="plume-wire" data-from="services.auth" data-to="data.db">
      <path d="M 73.675 69.6 L 73.675 106.6" fill="none" stroke="#666" stroke-width="1"/>
      <polygon class="plume-marker plume-marker-arrow" points="73.675,110.6 71.175,105.6 76.175,105.6" fill="#666"/>
    </g>
  </g>
</svg>
