---
source: tests/conformance.rs
assertion_line: 26
expression: svg
input_file: samples/wires_labels.plume
---
<svg xmlns="http://www.w3.org/2000/svg" viewBox="-40.575 -79.6 81.15 159.2" width="81.15" height="159.2" class="plume">
  <defs/>
  <g class="plume-scene">
    <g class="plume-node plume-shape-rect" data-id="a" transform="translate(0,-34.8)">
      <rect x="-20.075" y="-24.3" width="40.15" height="48.6" rx="0" ry="0" fill="white" stroke="#444" stroke-width="1"/>
      <g class="plume-node plume-shape-text" transform="translate(0,0)">
        <text x="0" y="0" text-anchor="middle" dominant-baseline="central" font-size="13" font-family="system-ui, -apple-system, sans-serif" fill="#222">A</text>
      </g>
    </g>
    <g class="plume-node plume-shape-rect" data-id="b" transform="translate(0,34.8)">
      <rect x="-20.075" y="-24.3" width="40.15" height="48.6" rx="0" ry="0" fill="white" stroke="#444" stroke-width="1"/>
      <g class="plume-node plume-shape-text" transform="translate(0,0)">
        <text x="0" y="0" text-anchor="middle" dominant-baseline="central" font-size="13" font-family="system-ui, -apple-system, sans-serif" fill="#222">B</text>
      </g>
    </g>
  </g>
  <g class="plume-wires">
    <g class="plume-wire" data-from="a" data-to="b">
      <path d="M -16 -10 L -16 8.4 L -16.575 8.4 L -16.575 0.4 L -16 0.4 L -16 6" fill="none" stroke="#444" stroke-width="1"/>
      <polygon class="plume-marker plume-marker-arrow" points="-16,6 -21,-4 -11,-4" fill="#444"/>
      <text x="-16.175" y="8.4" text-anchor="middle" dominant-baseline="central" font-size="11" font-family="system-ui, -apple-system, sans-serif" fill="#222" paint-order="stroke" stroke="white" stroke-width="4.4" stroke-linejoin="round">label</text>
    </g>
    <g class="plume-wire" data-from="a" data-to="b">
      <path d="M -8 -10 L -8 8.4 L -8.575 8.4 L -8.575 0.4 L -8 0.4 L -8 6" fill="none" stroke="#444" stroke-width="1"/>
      <polygon class="plume-marker plume-marker-arrow" points="-8,6 -13,-4 -3,-4" fill="#444"/>
      <text x="-8.175" y="8.4" text-anchor="middle" dominant-baseline="central" font-size="10" font-family="system-ui, -apple-system, sans-serif" fill="#222" paint-order="stroke" stroke="white" stroke-width="4" stroke-linejoin="round">label</text>
      <text x="-8" y="0.7125" text-anchor="middle" dominant-baseline="central" font-size="11" font-family="system-ui, -apple-system, sans-serif" fill="#222" paint-order="stroke" stroke="white" stroke-width="4.4" stroke-linejoin="round">↓</text>
    </g>
    <g class="plume-wire" data-from="a" data-to="b">
      <path d="M 0 -6 L 0 8.4 L -0.575 8.4 L -0.575 0.4 L 0 0.4 L 0 6" fill="none" stroke="#444" stroke-width="1"/>
      <circle class="plume-marker plume-marker-dot" cx="0" cy="-6" r="3.3333" fill="#444"/>
      <circle class="plume-marker plume-marker-dot" cx="0" cy="6" r="3.3333" fill="#444"/>
    </g>
    <g class="plume-wire" data-from="a" data-to="b">
      <path d="M 8 -10 L 8 8.4 L 7.425 8.4 L 7.425 0.4 L 8 0.4 L 8 6" fill="none" stroke="#444" stroke-width="1"/>
      <circle class="plume-marker plume-marker-dot" cx="8" cy="6" r="3.3333" fill="#444"/>
    </g>
    <g class="plume-wire" data-from="a" data-to="b">
      <path d="M 16 -6 L 16 8.4 L 15.425 8.4 L 15.425 0.4 L 16 0.4 L 16 6" fill="none" stroke="#444" stroke-width="1"/>
      <path class="plume-marker plume-marker-crow" d="M 16 -6 L 16 4 M 16 -6 L 21 4 M 16 -6 L 11 4" stroke="#444" stroke-width="1" fill="none"/>
      <polygon class="plume-marker plume-marker-arrow" points="16,6 11,-4 21,-4" fill="#444"/>
    </g>
  </g>
</svg>
