---
source: tests/hello.rs
assertion_line: 5
expression: svg
---
<svg xmlns="http://www.w3.org/2000/svg" viewBox="-54.875 -44.8 109.75 89.6" width="109.75" height="89.6" class="plume">
  <style>@layer plume.defaults { :root, .plume { --plume-fill: white; --plume-stroke: #444; --plume-text-color: #222; --plume-font: system-ui, -apple-system, sans-serif; } }</style>
  <defs/>
  <g class="plume-scene">
    <g class="plume-node plume-shape-rect" transform="translate(0,0)">
      <rect x="-34.375" y="-24.3" width="68.75" height="48.6" rx="0" ry="0" fill="var(--plume-fill)" stroke="var(--plume-stroke)" stroke-width="1"/>
      <g class="plume-node plume-shape-text" transform="translate(0,0)">
        <text x="0" y="0" text-anchor="middle" dominant-baseline="central" font-size="13" font-family="var(--plume-font)" fill="var(--plume-text-color)">hello</text>
      </g>
    </g>
  </g>
  <g class="plume-wires"/>
</svg>
