---
source: tests/wire_rules.rs
expression: report
---
wires_chain.plume:
  [R3/Warning] cat->dog vs cat->dog: R3 (sep 16)
  [R3/Warning] cat->dog vs cat->dog: R3 (sep 16)
  [R3/Warning] cat->dog vs cat->dog: R3 (sep 16)
  [R3/Warning] cat->dog vs cat->dog: R3 (sep 16)
  [R3/Warning] cat->dog vs cat->dog: R3 (sep 16)
  [R3/Warning] cat->dog vs cat->dog: R3 (sep 16)
  [R3/Warning] cat->dog vs cat->dog: R3 (sep 16)
  [R3/Warning] cat->dog vs cat->dog: R3 (sep 16)
  [R3/Warning] cat->dog vs cat->dog: R3 (sep 16)
  [R3/Warning] cat->dog vs cat->dog: R3 (sep 16)
  [R3/Warning] cat->dog vs cat->dog: R3 (sep 16)
  [R3/Warning] cat->dog vs cat->dog: R3 (sep 16)
  [R3/Warning] cat->dog vs cat->dog: R3 (sep 16)
  [R3/Warning] cat->dog vs cat->dog: R3 (sep 16)
  [R3/Warning] cat->dog vs cat->dog: R3 (sep 16)

wires_labels.plume:
  [R3/Warning] cat->dog vs cat->dog: R3 (sep 16)
  [R3/Warning] cat->dog vs cat->dog: R3 (sep 16)
  [R3/Warning] cat->dog vs cat->dog: R3 (sep 16)
  [R3/Warning] cat->dog vs cat->dog: R3 (sep 16)

wires_realistic.plume:
  [R3/Warning] kitchen.water->garden.dog vs kitchen.water->roof: R3 (sep 10)
