---
source: tests/wire_quality.rs
expression: r.text
---
full_example.plume: len=2407 bends=13 crossings=0 worst_detour=1.72x (treehouse->kitchen)
internal_wires.plume: len=128 bends=2 crossings=0 worst_detour=0.60x (garden.outlet->kitchen.inlet)
mermaid_fast.plume: len=245 bends=4 crossings=0 worst_detour=0.92x (fox->mouse)
type_defaults.plume: len=60 bends=0 crossings=0 worst_detour=0.40x (dog->mouse)
wires_anchors.plume: len=285 bends=2 crossings=0 worst_detour=1.47x (dog->bird)
wires_basic.plume: len=20 bends=0 crossings=0 worst_detour=0.27x (cat->dog)
wires_bus.plume: len=689 bends=8 crossings=0 worst_detour=1.58x (cat->bird)
wires_chain.plume: len=240 bends=0 crossings=0 worst_detour=0.27x (cat->dog)
wires_fan.plume: len=838 bends=6 crossings=0 worst_detour=1.44x (bowl->mug)
wires_labels.plume: len=100 bends=0 crossings=0 worst_detour=0.27x (cat->dog)
wires_realistic.plume: len=1192 bends=18 crossings=1 worst_detour=1.11x (kitchen.water->roof)
