---
source: tests/wiring.rs
expression: report
---
Router contract scorecard — validator counts per sample.
A1–A5 invariants; A3 = shared parallel runs; B1 = node overlap;
B2n = wire-node clearance (incl. own endpoints); B2w = wire-wire separation; X = B3 crossings.

anchors.plume          A1:0 A2:0 A3:0 A4:0 A5:0  B1:0 B2n:0 B2w:0  X:0
full_example.plume     A1:0 A2:0 A3:0 A4:0 A5:0  B1:0 B2n:0 B2w:0  X:0
hello.plume            A1:0 A2:0 A3:0 A4:0 A5:0  B1:0 B2n:0 B2w:0  X:0
internal_wires.plume   A1:0 A2:0 A3:0 A4:0 A5:0  B1:0 B2n:0 B2w:0  X:0
markers_all.plume      A1:0 A2:0 A3:0 A4:0 A5:0  B1:0 B2n:0 B2w:0  X:0
mermaid_fast.plume     A1:0 A2:0 A3:0 A4:0 A5:0  B1:0 B2n:0 B2w:0  X:0
modifiers.plume        A1:0 A2:0 A3:0 A4:0 A5:0  B1:0 B2n:0 B2w:0  X:0
multi_value_box.plume  A1:0 A2:0 A3:0 A4:0 A5:0  B1:0 B2n:0 B2w:0  X:0
primitives_all.plume   A1:0 A2:0 A3:0 A4:0 A5:0  B1:0 B2n:0 B2w:0  X:0
shapes.plume           A1:0 A2:0 A3:0 A4:0 A5:0  B1:0 B2n:0 B2w:0  X:0
styles.plume           A1:0 A2:0 A3:0 A4:0 A5:0  B1:0 B2n:0 B2w:0  X:0
table.plume            A1:0 A2:0 A3:0 A4:0 A5:0  B1:0 B2n:0 B2w:0  X:0
templates_all.plume    A1:0 A2:0 A3:0 A4:0 A5:0  B1:0 B2n:0 B2w:0  X:0
type_defaults.plume    A1:0 A2:0 A3:0 A4:0 A5:0  B1:0 B2n:0 B2w:0  X:0
wires_anchors.plume    A1:0 A2:0 A3:0 A4:0 A5:0  B1:0 B2n:0 B2w:0  X:0
wires_basic.plume      A1:0 A2:0 A3:0 A4:0 A5:0  B1:0 B2n:0 B2w:0  X:0
wires_chain.plume      A1:0 A2:0 A3:0 A4:0 A5:0  B1:0 B2n:0 B2w:0  X:1
wires_dense.plume      A1:0 A2:0 A3:0 A4:0 A5:0  B1:0 B2n:0 B2w:0  X:0
wires_fan.plume        A1:0 A2:0 A3:0 A4:0 A5:0  B1:0 B2n:0 B2w:0  X:0
wires_labels.plume     A1:0 A2:0 A3:0 A4:0 A5:0  B1:0 B2n:0 B2w:4  X:0
wires_realistic.plume  A1:0 A2:0 A3:0 A4:0 A5:0  B1:0 B2n:0 B2w:0  X:0
wires_selfloop.plume   A1:0 A2:0 A3:0 A4:0 A5:0  B1:0 B2n:0 B2w:0  X:0

TOTAL                  A1:0 A2:0 A3:0 A4:0 A5:0  B1:0 B2n:0 B2w:4  X:1
